<div class='definition'><pre>slot</pre></div>
<table class='sections'>
<tr><td valign='top' class='section'><p>Deprecated</td>
<tr><td valign='top' class='section'><p>Library:</td><td valign='top'><p>vue@3.0.0</td>
</table>